node.exe : ΓÜá 
turbopack.root should be 
absolute, using: 
C:\Users\My 
PC\Desktop\Personal 
Projects\nannyUS
At line:1 char:1
+ & "C:\Program 
Files\nodejs/node.exe" 
"C:\Users\My 
PC\AppData\Roaming\ ...
+ ~~~~~~~~~~~~~~~~~~~~~~~~~
~~~~~~~~~~~~~~~~~~~~~~~~~~~
~~~~~~~~~~~~~~~~~
    + CategoryInfo         
     : NotSpecified: (ΓÜá  
   turbopack.r...rojects   
 \nannyUS:String) [], R    
emoteException
    + FullyQualifiedErrorI 
   d : NativeCommandError
 
Γû▓ Next.js 16.2.0 (Turbopack)
- Environments: .env.local

ΓÜá The "middleware" file 
convention is deprecated. 
Please use "proxy" 
instead. Learn more: https:
//nextjs.org/docs/messages/
middleware-to-proxy
  Creating an optimized production build ...
Γ£ô Compiled successfully in 110s
  Running TypeScript ...
  Finished TypeScript in 2.2min ...
  Collecting page data using 3 workers ...
  Generating static pages using 3 workers (0/28) ...
  Generating static pages using 3 workers (7/28) 
  Generating static pages using 3 workers (14/28) 
  Generating static pages using 3 workers (21/28) 
Γ£ô Generating static pages using 3 workers (28/28) in 4.9s
  Finalizing page optimization ...

Route (app)
Γöî Γùï /
Γö£ Γùï /_not-found
Γö£ ╞Æ /admin
Γö£ ╞Æ /admin/analytics
Γö£ ╞Æ /admin/caregivers
Γö£ ╞Æ /admin/families
Γö£ ╞Æ /admin/payments
Γö£ ╞Æ /admin/settings
Γö£ ╞Æ /admin/support
Γö£ ╞Æ /api/ably/auth
Γö£ ╞Æ /api/applicants
Γö£ ╞Æ /api/auth/me
Γö£ ╞Æ /api/auth/send-otp
Γö£ ╞Æ /api/auth/session
Γö£ ╞Æ /api/auth/sync
Γö£ ╞Æ /api/auth/verify-otp
Γö£ ╞Æ /api/bookings
Γö£ ╞Æ /api/bookings/create
Γö£ ╞Æ /api/health
Γö£ ╞Æ /api/nannies/[id]
Γö£ ╞Æ /api/referral/validate
Γö£ ╞Æ /api/stripe/create-payment-intent
Γö£ ╞Æ /api/stripe/webhooks
Γö£ ╞Æ /api/upload
Γö£ ╞Æ /api/upload/url
Γö£ ╞Æ /api/webhook/stripe
Γö£ ╞Æ /api/webhooks/stripe
Γö£ ╞Æ /booking/success
Γö£ ╞Æ /browse
Γö£ ╞Æ /compare/[competitor]
Γö£ Γùï /cookies
Γö£ ╞Æ /dashboard/admin
Γö£ ╞Æ /dashboard/admin/caregivers
Γö£ ╞Æ /dashboard/admin/financial-ops
Γö£ ╞Æ /dashboard/admin/referrals
Γö£ ╞Æ /dashboard/admin/revenue
Γö£ ╞Æ /dashboard/admin/settings
Γö£ ╞Æ /dashboard/messages
Γö£ ╞Æ /dashboard/messages/[id]
Γö£ ╞Æ /dashboard/messages/support
Γö£ ╞Æ /dashboard/moderator
Γö£ ╞Æ /dashboard/moderator/certifications
Γö£ ╞Æ /dashboard/moderator/certifications/[id]
Γö£ ╞Æ /dashboard/moderator/certifications/id
Γö£ ╞Æ /dashboard/moderator/exams
Γö£ ╞Æ /dashboard/moderator/moderation
Γö£ ╞Æ /dashboard/moderator/payouts
Γö£ ╞Æ /dashboard/moderator/referrals
Γö£ ╞Æ /dashboard/moderator/settings
Γö£ ╞Æ /dashboard/moderator/support
Γö£ ╞Æ /dashboard/moderator/support/[id]
Γö£ ╞Æ /dashboard/moderator/verifications
Γö£ ╞Æ /dashboard/nanny
Γö£ ╞Æ /dashboard/nanny/applications
Γö£ ╞Æ /dashboard/nanny/applications/[id]
Γö£ ╞Æ /dashboard/nanny/bookings
Γö£ ╞Æ /dashboard/nanny/bookings/[id]
Γö£ ╞Æ /dashboard/nanny/certifications
Γö£ ╞Æ /dashboard/nanny/certifications/[id]/certificate
Γö£ ╞Æ /dashboard/nanny/certifications/global-care
Γö£ ╞Æ /dashboard/nanny/certifications/global-care/exam
Γö£ ╞Æ /dashboard/nanny/certifications/global-care/success
Γö£ ╞Æ /dashboard/nanny/open-roles
Γö£ ╞Æ /dashboard/nanny/open-roles/[id]
Γö£ ╞Æ /dashboard/nanny/profile
Γö£ ╞Æ /dashboard/nanny/referrals
Γö£ ╞Æ /dashboard/nanny/settings
Γö£ ╞Æ /dashboard/nanny/verification
Γö£ ╞Æ /dashboard/nanny/wallet
Γö£ ╞Æ /dashboard/nanny/wallet/withdraw
Γö£ ╞Æ /dashboard/parent
Γö£ ╞Æ /dashboard/parent/applicants
Γö£ ╞Æ /dashboard/parent/bookings
Γö£ ╞Æ /dashboard/parent/jobs
Γö£ ╞Æ /dashboard/parent/nannies
Γö£ ╞Æ /dashboard/parent/post-job
Γö£ ╞Æ /dashboard/parent/profile
Γö£ ╞Æ /dashboard/parent/referrals
Γö£ ╞Æ /dashboard/parent/settings
Γö£ ╞Æ /dashboard/parent/subscription
Γö£ ╞Æ /dashboard/parent/subscription/error
Γö£ ╞Æ /dashboard/parent/subscription/success
Γö£ ╞Æ /dashboard/parent/verification
Γö£ ╞Æ /dashboard/parent/wallet
Γö£ ╞Æ /dashboard/support
Γö£ ╞Æ /families/[id]
Γö£ Γùï /faq
Γö£ Γùï /forgot-password
Γö£ ╞Æ /hire/[niche]/[state]/[city]
Γö£ ╞Æ /jobs
Γö£ ╞Æ /jobs/[id]
Γö£ ╞Æ /jobs/[id]/apply
Γö£ ╞Æ /jobs/[id]/apply/success
Γö£ Γùï /login
Γö£ ╞Æ /nannies/[id]
Γö£ ╞Æ /nannies/[id]/book/payment
Γö£ ╞Æ /nannies/[id]/book/schedule
Γö£ Γùï /premium
Γö£ Γùï /privacy
Γö£ Γùï /profile
Γö£ Γùï /referrals
Γö£ Γùï /register/nanny
Γö£ Γùï /robots.txt
Γö£ Γùï /safety
Γö£ Γùï /signup
Γö£ ΓùÅ /sitemap/[__metadata_id__]
Γöé Γö£ /sitemap/0.xml
Γöé Γöö /sitemap/1.xml
Γö£ Γùï /terms
Γöö Γùï /verify-email


╞Æ Proxy (Middleware)

Γùï  (Static)   prerendered as static content
ΓùÅ  (SSG)      prerendered as static HTML (uses generateStaticParams)
╞Æ  (Dynamic)  server-rendered on demand

