scratch/check-migrations.ts(12,78): error TS18046: 'e' is of type 'unknown'.
scratch/debug-jobs.ts(13,45): error TS18046: 'e' is of type 'unknown'.
scratch/final-sync.ts(43,44): error TS18046: 'e' is of type 'unknown'.
scripts/archive/fix-zips.ts(1,20): error TS2307: Cannot find module './src/db' or its corresponding type declarations.
scripts/archive/fix-zips.ts(2,38): error TS2307: Cannot find module './src/db/schema' or its corresponding type declarations.
scripts/archive/fix-zips.ts(4,27): error TS2307: Cannot find module './src/lib/geo' or its corresponding type declarations.
scripts/archive/verify-credits.ts(5,25): error TS2307: Cannot find module './src/db/schema' or its corresponding type declarations.
scripts/archive/verify-credits.ts(6,65): error TS2307: Cannot find module './src/lib/actions/credit-service' or its corresponding type declarations.
src/app/admin/payments/BillingTrigger.tsx(5,10): error TS2305: Module '"@/lib/actions/retainer-billing"' has no exported member 'processMonthlyRetainers'.
src/app/api/stripe/create-payment-intent/route.ts(1,33): error TS2304: Cannot find name 'NextRequest'.
src/app/api/stripe/create-payment-intent/route.ts(5,31): error TS2304: Cannot find name 'rateLimit'.
src/app/api/stripe/create-payment-intent/route.ts(8,14): error TS2552: Cannot find name 'NextResponse'. Did you mean 'Response'?
src/app/api/stripe/create-payment-intent/route.ts(11,29): error TS2304: Cannot find name 'requireUser'.
src/app/api/stripe/create-payment-intent/route.ts(18,14): error TS2552: Cannot find name 'NextResponse'. Did you mean 'Response'?
src/app/api/stripe/create-payment-intent/route.ts(35,16): error TS2552: Cannot find name 'NextResponse'. Did you mean 'Response'?
src/app/api/stripe/create-payment-intent/route.ts(39,16): error TS2552: Cannot find name 'NextResponse'. Did you mean 'Response'?
src/app/api/stripe/create-payment-intent/route.ts(45,20): error TS2552: Cannot find name 'NextResponse'. Did you mean 'Response'?
src/app/api/stripe/create-payment-intent/route.ts(49,33): error TS2304: Cannot find name 'stripe'.
src/app/api/stripe/create-payment-intent/route.ts(61,12): error TS2552: Cannot find name 'NextResponse'. Did you mean 'Response'?
src/app/api/stripe/create-payment-intent/route.ts(67,12): error TS2304: Cannot find name 'NextResponse'.
src/app/browse/page.tsx(51,18): error TS2304: Cannot find name 'distanceSql'.
src/app/browse/page.tsx(51,50): error TS2304: Cannot find name 'distanceSql'.
src/app/browse/page.tsx(79,10): error TS2304: Cannot find name 'distanceSql'.
src/app/browse/page.tsx(80,20): error TS2304: Cannot find name 'distanceSql'.
src/app/browse/page.tsx(99,15): error TS2304: Cannot find name 'distanceSql'.
src/app/browse/page.tsx(99,43): error TS2304: Cannot find name 'distanceSql'.
src/app/browse/page.tsx(111,25): error TS2304: Cannot find name 'distanceSql'.
src/app/dashboard/admin/disputes/actions.ts(23,17): error TS2339: Property 'role' does not exist on type 'ServerUser'.
src/app/dashboard/admin/disputes/actions.ts(23,47): error TS2339: Property 'role' does not exist on type 'ServerUser'.
src/app/dashboard/admin/disputes/actions.ts(51,60): error TS2353: Object literal may only specify known properties, and 'updatedAt' does not exist in type '{ parentId?: string | SQL<unknown> | PgColumn<ColumnBaseConfig<ColumnDataType, string>, {}, {}> | undefined; caregiverId?: string | SQL<...> | PgColumn<...> | undefined; ... 26 more ...; locationDescription?: string | ... 3 more ... | undefined; }'.
src/app/dashboard/admin/disputes/actions.ts(63,60): error TS2353: Object literal may only specify known properties, and 'updatedAt' does not exist in type '{ parentId?: string | SQL<unknown> | PgColumn<ColumnBaseConfig<ColumnDataType, string>, {}, {}> | undefined; caregiverId?: string | SQL<...> | PgColumn<...> | undefined; ... 26 more ...; locationDescription?: string | ... 3 more ... | undefined; }'.
src/app/dashboard/admin/disputes/actions.ts(86,60): error TS2353: Object literal may only specify known properties, and 'updatedAt' does not exist in type '{ parentId?: string | SQL<unknown> | PgColumn<ColumnBaseConfig<ColumnDataType, string>, {}, {}> | undefined; caregiverId?: string | SQL<...> | PgColumn<...> | undefined; ... 26 more ...; locationDescription?: string | ... 3 more ... | undefined; }'.
src/app/dashboard/admin/liquidity/families/manage/[id]/page.tsx(67,19): error TS2322: Type 'string | null' is not assignable to type 'string | Blob | undefined'.
  Type 'null' is not assignable to type 'string | Blob | undefined'.
src/app/dashboard/nanny/open-roles/[id]/page.tsx(200,138): error TS2322: Type '{ jobId: string; isVerified: boolean; hasApplied: boolean; familyName: any; fullWidth: true; }' is not assignable to type 'IntrinsicAttributes & ApplyButtonProps'.
  Property 'fullWidth' does not exist on type 'IntrinsicAttributes & ApplyButtonProps'.
src/app/dashboard/nanny/open-roles/[id]/page.tsx(328,143): error TS2322: Type '{ jobId: string; isVerified: boolean; hasApplied: boolean; familyName: any; size: string; }' is not assignable to type 'IntrinsicAttributes & ApplyButtonProps'.
  Property 'size' does not exist on type 'IntrinsicAttributes & ApplyButtonProps'.
src/app/dashboard/nanny/open-roles/[id]/page.tsx(350,144): error TS2322: Type '{ jobId: string; isVerified: boolean; hasApplied: boolean; familyName: any; fullWidth: true; }' is not assignable to type 'IntrinsicAttributes & ApplyButtonProps'.
  Property 'fullWidth' does not exist on type 'IntrinsicAttributes & ApplyButtonProps'.
src/app/dashboard/nanny/open-roles/actions.ts(120,27): error TS2551: Property 'selectedChildrenIds' does not exist on type '{ duration: string | null; id: string; createdAt: Date; updatedAt: Date; status: "open" | "closed" | "completed"; location: string | null; parentId: string; hiringType: string; ... 22 more ...; parent: { ...; }; }'. Did you mean 'selectedChildIds'?
src/app/dashboard/nanny/verification/actions.ts(199,17): error TS2339: Property 'fullName' does not exist on type 'ServerUser'.
src/app/dashboard/parent/bookings/actions.ts(44,17): error TS2304: Cannot find name 'nannyProfiles'.
src/app/dashboard/parent/bookings/actions.ts(103,93): error TS2304: Cannot find name 'amountInCents'.
src/app/dashboard/parent/bookings/dispute-actions.ts(32,9): error TS2353: Object literal may only specify known properties, and 'updatedAt' does not exist in type '{ parentId?: string | SQL<unknown> | PgColumn<ColumnBaseConfig<ColumnDataType, string>, {}, {}> | undefined; caregiverId?: string | SQL<...> | PgColumn<...> | undefined; ... 26 more ...; locationDescription?: string | ... 3 more ... | undefined; }'.
src/app/dashboard/parent/jobs/[id]/applications/page.tsx(150,63): error TS2322: Type '{ name: string; size: number; fill: true; }' is not assignable to type 'IntrinsicAttributes & MaterialIconProps'.
  Property 'size' does not exist on type 'IntrinsicAttributes & MaterialIconProps'.
src/app/dashboard/parent/jobs/[id]/applications/page.tsx(154,67): error TS2322: Type '{ name: string; size: number; }' is not assignable to type 'IntrinsicAttributes & MaterialIconProps'.
  Property 'size' does not exist on type 'IntrinsicAttributes & MaterialIconProps'.
src/app/dashboard/parent/jobs/[id]/applications/page.tsx(167,35): error TS2322: Type '{ key: number; name: string; size: number; className: string; fill: boolean; }' is not assignable to type 'IntrinsicAttributes & MaterialIconProps'.
  Property 'size' does not exist on type 'IntrinsicAttributes & MaterialIconProps'.
src/app/dashboard/parent/jobs/[id]/applications/page.tsx(198,71): error TS2322: Type '{ name: string; size: number; fill: true; }' is not assignable to type 'IntrinsicAttributes & MaterialIconProps'.
  Property 'size' does not exist on type 'IntrinsicAttributes & MaterialIconProps'.
src/app/dashboard/parent/jobs/[id]/applications/page.tsx(249,55): error TS2322: Type '{ name: string; size: number; className: string; }' is not assignable to type 'IntrinsicAttributes & MaterialIconProps'.
  Property 'size' does not exist on type 'IntrinsicAttributes & MaterialIconProps'.
src/app/dashboard/parent/jobs/[id]/applications/page.tsx(253,58): error TS2322: Type '{ name: string; size: number; className: string; }' is not assignable to type 'IntrinsicAttributes & MaterialIconProps'.
  Property 'size' does not exist on type 'IntrinsicAttributes & MaterialIconProps'.
src/app/dashboard/parent/jobs/[id]/applications/page.tsx(280,47): error TS2322: Type '{ name: string; size: number; className: string; }' is not assignable to type 'IntrinsicAttributes & MaterialIconProps'.
  Property 'size' does not exist on type 'IntrinsicAttributes & MaterialIconProps'.
src/app/dashboard/parent/jobs/page.tsx(89,57): error TS2322: Type '{ name: string; size: number; fill: true; }' is not assignable to type 'IntrinsicAttributes & MaterialIconProps'.
  Property 'size' does not exist on type 'IntrinsicAttributes & MaterialIconProps'.
src/app/dashboard/parent/settings/page.tsx(76,9): error TS2353: Object literal may only specify known properties, and 'philosophy' does not exist in type '{ familyName?: string | undefined; familyPhoto?: string | undefined; location?: string | undefined; latitude?: number | undefined; longitude?: number | undefined; }'.
src/components/dashboard/MyChildren.tsx(56,22): error TS2345: Argument of type '{ name: string; age: number; type: string; bio: string; photoUrl: string; specialNeeds: string[]; }' is not assignable to parameter of type '{ name: string; age: number; type: string; specialNeeds: string[]; interests: string[]; bio?: string | undefined; photoUrl?: string | undefined; medicalNotes?: string | undefined; }'.
  Property 'interests' is missing in type '{ name: string; age: number; type: string; bio: string; photoUrl: string; specialNeeds: string[]; }' but required in type '{ name: string; age: number; type: string; specialNeeds: string[]; interests: string[]; bio?: string | undefined; photoUrl?: string | undefined; medicalNotes?: string | undefined; }'.
src/components/dashboard/parent/CloseJobModal.tsx(53,46): error TS2322: Type '{ name: string; size: number; fill: true; }' is not assignable to type 'IntrinsicAttributes & MaterialIconProps'.
  Property 'size' does not exist on type 'IntrinsicAttributes & MaterialIconProps'.
src/components/profile/BookingModal.tsx(96,81): error TS2322: Type '{ name: string; size: number; fill: true; }' is not assignable to type 'IntrinsicAttributes & MaterialIconProps'.
  Property 'size' does not exist on type 'IntrinsicAttributes & MaterialIconProps'.
src/components/profile/BookingModal.tsx(129,67): error TS2322: Type '{ name: string; size: number; }' is not assignable to type 'IntrinsicAttributes & MaterialIconProps'.
  Property 'size' does not exist on type 'IntrinsicAttributes & MaterialIconProps'.
src/components/profile/HireSuccessView.tsx(24,44): error TS2322: Type '{ name: string; size: number; fill: true; }' is not assignable to type 'IntrinsicAttributes & MaterialIconProps'.
  Property 'size' does not exist on type 'IntrinsicAttributes & MaterialIconProps'.
src/components/profile/HireSuccessView.tsx(33,41): error TS2322: Type '{ name: string; size: number; fill: true; }' is not assignable to type 'IntrinsicAttributes & MaterialIconProps'.
  Property 'size' does not exist on type 'IntrinsicAttributes & MaterialIconProps'.
src/db/index.ts(4,16): error TS7016: Could not find a declaration file for module 'ws'. 'C:/Users/My PC/Desktop/Personal Projects/nannyUS/node_modules/ws/wrapper.mjs' implicitly has an 'any' type.
  Try `npm i --save-dev @types/ws` if it exists or add a new declaration (.d.ts) file containing `declare module 'ws';`
src/lib/actions/booking-actions.ts(389,13): error TS2304: Cannot find name 'sql'.
src/lib/actions/booking-actions.ts(390,13): error TS2304: Cannot find name 'sql'.
